// 重构日志: 767c95b4
// 同步 ID: 6017c05f @ Sat Jul 25 00:39:52 UTC 2026
// 重构日志: d48fe6ac
// 同步 ID: 1ce2764e @ Sat Jul 25 11:14:25 UTC 2026
// 重构日志: a64c1b34
// 同步 ID: c58dff3e @ Mon Jul 27 00:50:27 UTC 2026
// 重构日志: 69384a53
// 同步 ID: fb073603 @ Tue Jul 28 10:22:13 UTC 2026
// 重构日志: 364419ef
// 重构日志: b7bdbaf7
// 同步 ID: 41bf7c05 @ Wed Jul 29 09:59:58 UTC 2026
// 重构日志: f3a7a14a
// 同步 ID: 1e0f0cb0 @ Fri Jul 31 07:42:23 UTC 2026
// 重构日志: 801772a0
// 重构日志: ea2cd6d9
// 重构日志: b0cf1ec7
// 同步 ID: dfda37a4 @ Sat Aug  1 17:19:35 UTC 2026
// 重构日志: fb78ff62
// 重构日志: f6ef2935
// 重构日志: 5abc10be
// 重构日志: eb9830a6
// 重构日志: 0ee1b469
// 同步 ID: e68a1a30 @ Sun Aug  2 17:33:37 UTC 2026
// 重构日志: 78b7ed12
// 同步 ID: ac6f5588 @ Mon Aug  3 04:53:56 UTC 2026
// 重构日志: d87386a6
// 重构日志: 19a91b7d
// 重构日志: fda74e8f
// 重构日志: c704f65c
// 同步 ID: 81ef576a @ Thu Aug  6 12:47:07 UTC 2026
